/Users/cisco/Documents/CisStuff/cancer/ml/.venv/lib/python3.11/site-packages/google/protobuf/runtime_version.py:98: UserWarning: Protobuf gencode version 5.28.3 is exactly one major version older than the runtime version 6.31.1 at tensorflow/core/framework/attr_value.proto. Please update the gencode to avoid compatibility violations in the next runtime release.
  warnings.warn(
/Users/cisco/Documents/CisStuff/cancer/ml/.venv/lib/python3.11/site-packages/google/protobuf/runtime_version.py:98: UserWarning: Protobuf gencode version 5.28.3 is exactly one major version older than the runtime version 6.31.1 at tensorflow/core/framework/tensor.proto. Please update the gencode to avoid compatibility violations in the next runtime release.
  warnings.warn(
/Users/cisco/Documents/CisStuff/cancer/ml/.venv/lib/python3.11/site-packages/google/protobuf/runtime_version.py:98: UserWarning: Protobuf gencode version 5.28.3 is exactly one major version older than the runtime version 6.31.1 at tensorflow/core/framework/resource_handle.proto. Please update the gencode to avoid compatibility violations in the next runtime release.
  warnings.warn(
/Users/cisco/Documents/CisStuff/cancer/ml/.venv/lib/python3.11/site-packages/google/protobuf/runtime_version.py:98: UserWarning: Protobuf gencode version 5.28.3 is exactly one major version older than the runtime version 6.31.1 at tensorflow/core/framework/tensor_shape.proto. Please update the gencode to avoid compatibility violations in the next runtime release.
  warnings.warn(
/Users/cisco/Documents/CisStuff/cancer/ml/.venv/lib/python3.11/site-packages/google/protobuf/runtime_version.py:98: UserWarning: Protobuf gencode version 5.28.3 is exactly one major version older than the runtime version 6.31.1 at tensorflow/core/framework/types.proto. Please update the gencode to avoid compatibility violations in the next runtime release.
  warnings.warn(
/Users/cisco/Documents/CisStuff/cancer/ml/.venv/lib/python3.11/site-packages/google/protobuf/runtime_version.py:98: UserWarning: Protobuf gencode version 5.28.3 is exactly one major version older than the runtime version 6.31.1 at tensorflow/core/framework/full_type.proto. Please update the gencode to avoid compatibility violations in the next runtime release.
  warnings.warn(
/Users/cisco/Documents/CisStuff/cancer/ml/.venv/lib/python3.11/site-packages/google/protobuf/runtime_version.py:98: UserWarning: Protobuf gencode version 5.28.3 is exactly one major version older than the runtime version 6.31.1 at tensorflow/core/framework/function.proto. Please update the gencode to avoid compatibility violations in the next runtime release.
  warnings.warn(
/Users/cisco/Documents/CisStuff/cancer/ml/.venv/lib/python3.11/site-packages/google/protobuf/runtime_version.py:98: UserWarning: Protobuf gencode version 5.28.3 is exactly one major version older than the runtime version 6.31.1 at tensorflow/core/framework/node_def.proto. Please update the gencode to avoid compatibility violations in the next runtime release.
  warnings.warn(
/Users/cisco/Documents/CisStuff/cancer/ml/.venv/lib/python3.11/site-packages/google/protobuf/runtime_version.py:98: UserWarning: Protobuf gencode version 5.28.3 is exactly one major version older than the runtime version 6.31.1 at tensorflow/core/framework/op_def.proto. Please update the gencode to avoid compatibility violations in the next runtime release.
  warnings.warn(
/Users/cisco/Documents/CisStuff/cancer/ml/.venv/lib/python3.11/site-packages/google/protobuf/runtime_version.py:98: UserWarning: Protobuf gencode version 5.28.3 is exactly one major version older than the runtime version 6.31.1 at tensorflow/core/framework/graph.proto. Please update the gencode to avoid compatibility violations in the next runtime release.
  warnings.warn(
/Users/cisco/Documents/CisStuff/cancer/ml/.venv/lib/python3.11/site-packages/google/protobuf/runtime_version.py:98: UserWarning: Protobuf gencode version 5.28.3 is exactly one major version older than the runtime version 6.31.1 at tensorflow/core/framework/graph_debug_info.proto. Please update the gencode to avoid compatibility violations in the next runtime release.
  warnings.warn(
/Users/cisco/Documents/CisStuff/cancer/ml/.venv/lib/python3.11/site-packages/google/protobuf/runtime_version.py:98: UserWarning: Protobuf gencode version 5.28.3 is exactly one major version older than the runtime version 6.31.1 at tensorflow/core/framework/versions.proto. Please update the gencode to avoid compatibility violations in the next runtime release.
  warnings.warn(
/Users/cisco/Documents/CisStuff/cancer/ml/.venv/lib/python3.11/site-packages/google/protobuf/runtime_version.py:98: UserWarning: Protobuf gencode version 5.28.3 is exactly one major version older than the runtime version 6.31.1 at tensorflow/core/protobuf/config.proto. Please update the gencode to avoid compatibility violations in the next runtime release.
  warnings.warn(
/Users/cisco/Documents/CisStuff/cancer/ml/.venv/lib/python3.11/site-packages/google/protobuf/runtime_version.py:98: UserWarning: Protobuf gencode version 5.28.3 is exactly one major version older than the runtime version 6.31.1 at xla/tsl/protobuf/coordination_config.proto. Please update the gencode to avoid compatibility violations in the next runtime release.
  warnings.warn(
/Users/cisco/Documents/CisStuff/cancer/ml/.venv/lib/python3.11/site-packages/google/protobuf/runtime_version.py:98: UserWarning: Protobuf gencode version 5.28.3 is exactly one major version older than the runtime version 6.31.1 at tensorflow/core/framework/cost_graph.proto. Please update the gencode to avoid compatibility violations in the next runtime release.
  warnings.warn(
/Users/cisco/Documents/CisStuff/cancer/ml/.venv/lib/python3.11/site-packages/google/protobuf/runtime_version.py:98: UserWarning: Protobuf gencode version 5.28.3 is exactly one major version older than the runtime version 6.31.1 at tensorflow/core/framework/step_stats.proto. Please update the gencode to avoid compatibility violations in the next runtime release.
  warnings.warn(
/Users/cisco/Documents/CisStuff/cancer/ml/.venv/lib/python3.11/site-packages/google/protobuf/runtime_version.py:98: UserWarning: Protobuf gencode version 5.28.3 is exactly one major version older than the runtime version 6.31.1 at tensorflow/core/framework/allocation_description.proto. Please update the gencode to avoid compatibility violations in the next runtime release.
  warnings.warn(
/Users/cisco/Documents/CisStuff/cancer/ml/.venv/lib/python3.11/site-packages/google/protobuf/runtime_version.py:98: UserWarning: Protobuf gencode version 5.28.3 is exactly one major version older than the runtime version 6.31.1 at tensorflow/core/framework/tensor_description.proto. Please update the gencode to avoid compatibility violations in the next runtime release.
  warnings.warn(
/Users/cisco/Documents/CisStuff/cancer/ml/.venv/lib/python3.11/site-packages/google/protobuf/runtime_version.py:98: UserWarning: Protobuf gencode version 5.28.3 is exactly one major version older than the runtime version 6.31.1 at tensorflow/core/protobuf/cluster.proto. Please update the gencode to avoid compatibility violations in the next runtime release.
  warnings.warn(
/Users/cisco/Documents/CisStuff/cancer/ml/.venv/lib/python3.11/site-packages/google/protobuf/runtime_version.py:98: UserWarning: Protobuf gencode version 5.28.3 is exactly one major version older than the runtime version 6.31.1 at tensorflow/core/protobuf/debug.proto. Please update the gencode to avoid compatibility violations in the next runtime release.
  warnings.warn(
2025-09-23 17:11:03.718397: W tensorflow/core/lib/png/png_io.cc:95] PNG warning: iCCP: known incorrect sRGB profile
2025-09-23 17:13:03.536626: W tensorflow/core/lib/png/png_io.cc:95] PNG warning: iCCP: known incorrect sRGB profile
2025-09-23 17:13:43.448600: W tensorflow/core/lib/png/png_io.cc:95] PNG warning: iCCP: profile 'ICC Profile': 'GRAY': Gray color space not permitted on RGB PNG
2025-09-23 17:15:07.484259: I tensorflow/core/framework/local_rendezvous.cc:407] Local rendezvous is aborting with status: OUT_OF_RANGE: End of sequence
	 [[{{node IteratorGetNext}}]]
2025-09-23 17:15:32.575900: I tensorflow/core/framework/local_rendezvous.cc:407] Local rendezvous is aborting with status: OUT_OF_RANGE: End of sequence
2025-09-23 17:15:33.087220: W tensorflow/core/lib/png/png_io.cc:95] PNG warning: iCCP: profile 'ICC Profile': 'GRAY': Gray color space not permitted on RGB PNG
2025-09-23 17:15:36.557015: W tensorflow/core/lib/png/png_io.cc:95] PNG warning: iCCP: profile 'ICC Profile': 'GRAY': Gray color space not permitted on RGB PNG
2025-09-23 17:15:38.076427: W tensorflow/core/lib/png/png_io.cc:95] PNG warning: iCCP: profile 'ICC Profile': 0h: PCS illuminant is not D50
